USER=web_user
LOGNAME=web_user
PATH=/
PWD=/
HOME=/home/web_user
LANG=C.UTF-8
_=.*(/test_environ.js|/this.program)
