Testing async proxying
Testing sync proxying
Testing sync_with_ctx proxying
Testing async_with_callback proxying
done
